PS C:\Users\Pappu> cd '.\Sublime files\'
PS C:\Users\Pappu\Sublime files> git init
Initialized empty Git repository in C:/Users/Pappu/Sublime files/.git/
PS C:\Users\Pappu\Sublime files> echo "project 1" > README.md
PS C:\Users\Pappu\Sublime files> cd .\assignment2\
PS C:\Users\Pappu\Sublime files\assignment2> git init
Initialized empty Git repository in C:/Users/Pappu/Sublime files/assignment2/.git/
PS C:\Users\Pappu\Sublime files\assignment2> echo "project 2" > README.md
PS C:\Users\Pappu\Sublime files\assignment2> touch app.txt
touch : The term 'touch' is not recognized as the name of a
cmdlet, function, script file, or operable program. Check the
spelling of the name, or if a path was included, verify that
the path is correct and try again.
At line:1 char:1
+ touch app.txt
+ ~~~~~
    + CategoryInfo          : ObjectNotFound: (touch:String) []
   , CommandNotFoundException
    + FullyQualifiedErrorId : CommandNotFoundException

PS C:\Users\Pappu\Sublime files\assignment2> echo Hello Git >> app.txt
PS C:\Users\Pappu\Sublime files\assignment2> git status
On branch master

No commits yet

Untracked files:
  (use "git add <file>..." to include in what will be committed)
        README.md
        app.txt

nothing added to commit but untracked files present (use "git add" to track)
PS C:\Users\Pappu\Sublime files\assignment2> git add .
PS C:\Users\Pappu\Sublime files\assignment2> git status
On branch master

No commits yet

Changes to be committed:
  (use "git rm --cached <file>..." to unstage)
        new file:   README.md
        new file:   app.txt

PS C:\Users\Pappu\Sublime files\assignment2> git commit -m "hello world"
Author identity unknown

*** Please tell me who you are.

Run

  git config --global user.email "you@example.com"
  git config --global user.name "Your Name"

to set your account's default identity.
Omit --global to set the identity only in this repository.

fatal: unable to auto-detect email address (got 'Pappu@DESKTOP-UCFBU6I.(none)')
PS C:\Users\Pappu\Sublime files\assignment2> git config --global user.email "13jegadeshkumar@gmail.com"
PS C:\Users\Pappu\Sublime files\assignment2> git commit -m "hello world"
[master (root-commit) 0c10c8a] hello world
 2 files changed, 0 insertions(+), 0 deletions(-)
 create mode 100644 README.md
 create mode 100644 app.txt
PS C:\Users\Pappu\Sublime files\assignment2> git remote add origin https://github.com/jegadesh-kumar/my-project.git
PS C:\Users\Pappu\Sublime files\assignment2> git remote -v
origin  https://github.com/jegadesh-kumar/my-project.git (fetch)
origin  https://github.com/jegadesh-kumar/my-project.git (push)
PS C:\Users\Pappu\Sublime files\assignment2> git branch -M main
PS C:\Users\Pappu\Sublime files\assignment2> git push -u origin main
remote: Repository not found.
fatal: repository 'https://github.com/jegadesh-kumar/my-project.git/' not found
PS C:\Users\Pappu\Sublime files\assignment2> git remote add origin https://github.com/jegadesh-kumar/devops-assignment-2.git
error: remote origin already exists.
PS C:\Users\Pappu\Sublime files\assignment2> git push -u origin main
remote: Repository not found.
fatal: repository 'https://github.com/jegadesh-kumar/my-project.git/' not found
PS C:\Users\Pappu\Sublime files\assignment2> git remote add origin https://github.com/jegadesh-kumar/devops-assignment-2.git
error: remote origin already exists.
PS C:\Users\Pappu\Sublime files\assignment2> git remote -v
origin  https://github.com/jegadesh-kumar/my-project.git (fetch)
origin  https://github.com/jegadesh-kumar/my-project.git (push)
PS C:\Users\Pappu\Sublime files\assignment2> git branch -M main
PS C:\Users\Pappu\Sublime files\assignment2> git push -u origin main
remote: Repository not found.
fatal: repository 'https://github.com/jegadesh-kumar/my-project.git/' not found
PS C:\Users\Pappu\Sublime files\assignment2> git remote remove origin
PS C:\Users\Pappu\Sublime files\assignment2> git remote -v
PS C:\Users\Pappu\Sublime files\assignment2> git remote add origin https://github.com/jegadesh-kumar/devops-assignment-2.git
PS C:\Users\Pappu\Sublime files\assignment2> git remote -v
origin  https://github.com/jegadesh-kumar/devops-assignment-2.git (fetch)
origin  https://github.com/jegadesh-kumar/devops-assignment-2.git (push)
PS C:\Users\Pappu\Sublime files\assignment2> git push -u origin main
remote: Permission to jegadesh-kumar/devops-assignment-2.git denied to RAJKUMAR-E.
fatal: unable to access 'https://github.com/jegadesh-kumar/devops-assignment-2.git/': The requested URL returned error: 403
PS C:\Users\Pappu\Sublime files\assignment2> git branch -M main
PS C:\Users\Pappu\Sublime files\assignment2> git push -u origin main
remote: Permission to jegadesh-kumar/devops-assignment-2.git denied to RAJKUMAR-E.
fatal: unable to access 'https://github.com/jegadesh-kumar/devops-assignment-2.git/': The requested URL returned error: 403
PS C:\Users\Pappu\Sublime files\assignment2> git config --global --unset user.email
PS C:\Users\Pappu\Sublime files\assignment2> git config --global user.email "13jegadeshkumar@gmail.com"
PS C:\Users\Pappu\Sublime files\assignment2> git push -u origin main
remote: Permission to jegadesh-kumar/devops-assignment-2.git denied to RAJKUMAR-E.
fatal: unable to access 'https://github.com/jegadesh-kumar/devops-assignment-2.git/': The requested URL returned error: 403
PS C:\Users\Pappu\Sublime files\assignment2> git config --global --unset user.RAJKUMAR-E
PS C:\Users\Pappu\Sublime files\assignment2> git config --global user.email "13jegadeshkumar@gmail.com"
PS C:\Users\Pappu\Sublime files\assignment2> git push -u origin main
remote: Permission to jegadesh-kumar/devops-assignment-2.git denied to RAJKUMAR-E.
fatal: unable to access 'https://github.com/jegadesh-kumar/devops-assignment-2.git/': The requested URL returned error: 403
PS C:\Users\Pappu\Sublime files\assignment2> git config --global --unset user.name "RAJKUMAR-E"
PS C:\Users\Pappu\Sublime files\assignment2> git config --global user.email "13jegadeshkumar@gmail.com"
PS C:\Users\Pappu\Sublime files\assignment2> git push -u origin main
remote: Permission to jegadesh-kumar/devops-assignment-2.git denied to RAJKUMAR-E.
fatal: unable to access 'https://github.com/jegadesh-kumar/devops-assignment-2.git/': The requested URL returned error: 403
PS C:\Users\Pappu\Sublime files\assignment2> git push -u origin main
To https://github.com/jegadesh-kumar/devops-assignment-2.git
 ! [rejected]        main -> main (fetch first)
error: failed to push some refs to 'https://github.com/jegadesh-kumar/devops-assignment-2.git'
hint: Updates were rejected because the remote contains work that you do not
hint: have locally. This is usually caused by another repository pushing to
hint: the same ref. If you want to integrate the remote changes, use
hint: 'git pull' before pushing again.
hint: See the 'Note about fast-forwards' in 'git push --help' for details.
PS C:\Users\Pappu\Sublime files\assignment2>
